Progress: resolved 0, reused 1, downloaded 0, added 0
Progress: resolved 22, reused 21, downloaded 0, added 0
Progress: resolved 23, reused 21, downloaded 0, added 0
Progress: resolved 23, reused 22, downloaded 0, added 0
Progress: resolved 23, reused 23, downloaded 0, added 0
Progress: resolved 23, reused 24, downloaded 0, added 0
Progress: resolved 24, reused 24, downloaded 0, added 0
Progress: resolved 24, reused 25, downloaded 0, added 0
Progress: resolved 25, reused 25, downloaded 0, added 0
Progress: resolved 25, reused 26, downloaded 0, added 0
Progress: resolved 34, reused 34, downloaded 0, added 0
Progress: resolved 83, reused 46, downloaded 0, added 0
Progress: resolved 98, reused 60, downloaded 0, added 0
Progress: resolved 104, reused 66, downloaded 0, added 0
Progress: resolved 113, reused 76, downloaded 0, added 0
Progress: resolved 117, reused 80, downloaded 0, added 0
Progress: resolved 118, reused 81, downloaded 0, added 0
Progress: resolved 119, reused 83, downloaded 0, added 0
Progress: resolved 119, reused 84, downloaded 0, added 0
Progress: resolved 122, reused 86, downloaded 0, added 0
Progress: resolved 124, reused 88, downloaded 0, added 0
Progress: resolved 124, reused 89, downloaded 0, added 0
Progress: resolved 128, reused 92, downloaded 0, added 0
Progress: resolved 129, reused 94, downloaded 0, added 0
Progress: resolved 138, reused 103, downloaded 0, added 0
Progress: resolved 141, reused 106, downloaded 0, added 0
Progress: resolved 149, reused 114, downloaded 0, added 0
Progress: resolved 150, reused 115, downloaded 0, added 0
Progress: resolved 151, reused 118, downloaded 0, added 0
Progress: resolved 153, reused 126, downloaded 0, added 0
Progress: resolved 155, reused 131, downloaded 0, added 0
Progress: resolved 155, reused 132, downloaded 0, added 0
Progress: resolved 157, reused 136, downloaded 0, added 0
Progress: resolved 163, reused 143, downloaded 0, added 0
Progress: resolved 181, reused 152, downloaded 0, added 0
Progress: resolved 187, reused 158, downloaded 0, added 0
Progress: resolved 195, reused 166, downloaded 0, added 0
Progress: resolved 209, reused 180, downloaded 0, added 0
Progress: resolved 216, reused 187, downloaded 0, added 0
Progress: resolved 221, reused 192, downloaded 0, added 0
Progress: resolved 225, reused 196, downloaded 0, added 0
Progress: resolved 273, reused 205, downloaded 0, added 0
Progress: resolved 283, reused 211, downloaded 0, added 0
Progress: resolved 286, reused 214, downloaded 0, added 0
Progress: resolved 291, reused 219, downloaded 0, added 0
Progress: resolved 294, reused 222, downloaded 0, added 0
Progress: resolved 298, reused 226, downloaded 0, added 0
Progress: resolved 304, reused 232, downloaded 0, added 0
Progress: resolved 308, reused 237, downloaded 0, added 0
Progress: resolved 317, reused 246, downloaded 0, added 0
Progress: resolved 327, reused 256, downloaded 0, added 0
Progress: resolved 335, reused 264, downloaded 0, added 0
Progress: resolved 347, reused 276, downloaded 0, added 0
Progress: resolved 349, reused 278, downloaded 0, added 0
Progress: resolved 355, reused 284, downloaded 0, added 0
Progress: resolved 361, reused 290, downloaded 0, added 0
Progress: resolved 378, reused 307, downloaded 0, added 0
Progress: resolved 391, reused 320, downloaded 0, added 0
Progress: resolved 411, reused 340, downloaded 0, added 0
Progress: resolved 428, reused 357, downloaded 0, added 0
Progress: resolved 442, reused 371, downloaded 0, added 0
Progress: resolved 448, reused 378, downloaded 0, added 0
Progress: resolved 458, reused 384, downloaded 0, added 0
Progress: resolved 464, reused 390, downloaded 0, added 0
Progress: resolved 473, reused 399, downloaded 0, added 0
Progress: resolved 481, reused 407, downloaded 0, added 0
Progress: resolved 495, reused 421, downloaded 0, added 0
Progress: resolved 505, reused 431, downloaded 0, added 0
Progress: resolved 528, reused 454, downloaded 0, added 0
Progress: resolved 537, reused 463, downloaded 0, added 0
Progress: resolved 551, reused 477, downloaded 0, added 0
Progress: resolved 565, reused 491, downloaded 0, added 0
Progress: resolved 582, reused 508, downloaded 0, added 0
Progress: resolved 606, reused 537, downloaded 0, added 0
Progress: resolved 644, reused 575, downloaded 0, added 0
Progress: resolved 645, reused 576, downloaded 0, added 0
Progress: resolved 646, reused 577, downloaded 0, added 0
Progress: resolved 646, reused 578, downloaded 0, added 0
Progress: resolved 660, reused 591, downloaded 0, added 0
Progress: resolved 687, reused 618, downloaded 0, added 0
ÔÇëWARNÔÇë 1 deprecated subdependencies found: node-domexception@1.0.0
Packages: +17
+++++++++++++++++
Progress: resolved 705, reused 636, downloaded 0, added 0
Progress: resolved 705, reused 636, downloaded 0, added 1
Progress: resolved 705, reused 636, downloaded 0, added 2
Progress: resolved 705, reused 636, downloaded 0, added 2, done

dependencies:
+ @base-ui/react 1.4.1
+ @react-three/fiber 9.6.0
+ @tanstack/react-query 5.100.2
+ @tanstack/react-query-devtools 5.100.2
+ @types/three 0.184.0
+ axios 1.15.2
+ class-variance-authority 0.7.1
+ clsx 2.1.1
+ lucide-react 1.11.0
+ next 16.2.4
+ next-themes 0.4.6
+ react 19.2.4
+ react-dom 19.2.4
+ shadcn 4.4.0
+ sonner 2.0.7
+ tailwind-merge 3.5.0
+ three 0.184.0
+ tw-animate-css 1.4.0

devDependencies:
+ @tailwindcss/postcss 4.2.4 already in devDependencies, was not moved to dependencies.
+ @types/node 20.19.39 already in devDependencies, was not moved to dependencies.
+ @types/react 19.2.14 already in devDependencies, was not moved to dependencies.
+ @types/react-dom 19.2.3 already in devDependencies, was not moved to dependencies.
+ eslint 9.39.4 already in devDependencies, was not moved to dependencies.
+ eslint-config-next 16.2.4 already in devDependencies, was not moved to dependencies.
+ tailwindcss 4.2.4 already in devDependencies, was not moved to dependencies.
+ typescript 5.9.3 already in devDependencies, was not moved to dependencies.

Done in 4m 15.4s
